
> delivero-backend@1.0.0 test
> jest --coverage

npm : (node:15644) [MONGODB DRIVER] Warning: 
useNewUrlParser is a deprecated option: useNewUrlParser 
has no effect since Node.js Driver version 4.0.0 and will 
be removed in the next major version
At line:1 char:1
+ npm test > test_output.txt 2>&1
+ ~~~~~~~~~~~~~~~~~~~~~~~~~~~~~~~
    + CategoryInfo          : NotSpecified: ((node:15644) 
    [M...t major version:String) [], RemoteException
    + FullyQualifiedErrorId : NativeCommandError
 
(Use `node --trace-warnings ...` to show where the 
warning was created)
(node:15644) [MONGODB DRIVER] Warning: useUnifiedTopology 
is a deprecated option: useUnifiedTopology has no effect 
since Node.js Driver version 4.0.0 and will be removed in 
the next major version
(node:15644) [MONGOOSE] Warning: Duplicate schema index 
on {"orderNumber":1} found. This is often due to 
declaring an index using both "index: true" and 
"schema.index()". Please remove the duplicate index 
definition.
  console.error
    Register Error: MongooseError: Operation `users.findOne()` buffering timed out after 10000ms
        at Timeout.<anonymous> (C:\Users\Ammar\Documents\delivero\backend\node_modules\mongoose\lib\drivers\node-mongodb-native\collection.js:187:23)
        at listOnTimeout (node:internal/timers:581:17)
        at processTimers (node:internal/timers:519:7)

    [0m [90m 54 |[39m         })[33m;[39m
     [90m 55 |[39m     } [36mcatch[39m (error) {
    [31m[1m>[22m[39m[90m 56 |[39m         console[33m.[39merror([32m'Register Error:'[39m[33m,[39m error)[33m;[39m
     [90m    |[39m                 [31m[1m^[22m[39m
     [90m 57 |[39m         res[33m.[39mstatus([35m500[39m)[33m.[39mjson({
     [90m 58 |[39m             success[33m:[39m [36mfalse[39m[33m,[39m
     [90m 59 |[39m             message[33m:[39m error[33m.[39mmessage[33m,[39m[0m

      at error (controllers/AuthController.js:56:17)

  console.error
    Register Error: MongooseError: Operation `users.findOne()` buffering timed out after 10000ms
        at Timeout.<anonymous> (C:\Users\Ammar\Documents\delivero\backend\node_modules\mongoose\lib\drivers\node-mongodb-native\collection.js:187:23)
        at listOnTimeout (node:internal/timers:581:17)
        at processTimers (node:internal/timers:519:7)

    [0m [90m 54 |[39m         })[33m;[39m
     [90m 55 |[39m     } [36mcatch[39m (error) {
    [31m[1m>[22m[39m[90m 56 |[39m         console[33m.[39merror([32m'Register Error:'[39m[33m,[39m error)[33m;[39m
     [90m    |[39m                 [31m[1m^[22m[39m
     [90m 57 |[39m         res[33m.[39mstatus([35m500[39m)[33m.[39mjson({
     [90m 58 |[39m             success[33m:[39m [36mfalse[39m[33m,[39m
     [90m 59 |[39m             message[33m:[39m error[33m.[39mmessage[33m,[39m[0m

      at error (controllers/AuthController.js:56:17)

  console.error
    Register Error: MongooseError: Operation `users.findOne()` buffering timed out after 10000ms
        at Timeout.<anonymous> (C:\Users\Ammar\Documents\delivero\backend\node_modules\mongoose\lib\drivers\node-mongodb-native\collection.js:187:23)
        at listOnTimeout (node:internal/timers:581:17)
        at processTimers (node:internal/timers:519:7)

    [0m [90m 54 |[39m         })[33m;[39m
     [90m 55 |[39m     } [36mcatch[39m (error) {
    [31m[1m>[22m[39m[90m 56 |[39m         console[33m.[39merror([32m'Register Error:'[39m[33m,[39m error)[33m;[39m
     [90m    |[39m                 [31m[1m^[22m[39m
     [90m 57 |[39m         res[33m.[39mstatus([35m500[39m)[33m.[39mjson({
     [90m 58 |[39m             success[33m:[39m [36mfalse[39m[33m,[39m
     [90m 59 |[39m             message[33m:[39m error[33m.[39mmessage[33m,[39m[0m

      at error (controllers/AuthController.js:56:17)

  console.error
    Error: MongooseError: Operation `users.findOne()` buffering timed out after 10000ms
        at Timeout.<anonymous> (C:\Users\Ammar\Documents\delivero\backend\node_modules\mongoose\lib\drivers\node-mongodb-native\collection.js:187:23)
        at listOnTimeout (node:internal/timers:581:17)
        at processTimers (node:internal/timers:519:7)

    [0m [90m 4 |[39m
     [90m 5 |[39m     [90m// Log to console for dev[39m
    [31m[1m>[22m[39m[90m 6 |[39m     console[33m.[39merror([32m'Error:'[39m[33m,[39m err)[33m;[39m
     [90m   |[39m             [31m[1m^[22m[39m
     [90m 7 |[39m
     [90m 8 |[39m     [90m// Mongoose bad ObjectId[39m
     [90m 9 |[39m     [36mif[39m (err[33m.[39mname [33m===[39m [32m'CastError'[39m) {[0m

      at error (middleware/errorHandler.js:6:13)
      at Layer.handle_error (node_modules/express/lib/router/layer.js:71:5)
      at trim_prefix (node_modules/express/lib/router/index.js:326:13)
      at node_modules/express/lib/router/index.js:286:9
      at Function.process_params (node_modules/express/lib/router/index.js:346:12)
      at next (node_modules/express/lib/router/index.js:280:10)
      at node_modules/express/lib/router/index.js:646:15
      at next (node_modules/express/lib/router/index.js:265:14)
      at next (node_modules/express/lib/router/route.js:141:14)
      at next (controllers/AuthController.js:128:9)

  console.error
    Error: MongooseError: Operation `users.findOne()` buffering timed out after 10000ms
        at Timeout.<anonymous> (C:\Users\Ammar\Documents\delivero\backend\node_modules\mongoose\lib\drivers\node-mongodb-native\collection.js:187:23)
        at listOnTimeout (node:internal/timers:581:17)
        at processTimers (node:internal/timers:519:7)

    [0m [90m 4 |[39m
     [90m 5 |[39m     [90m// Log to console for dev[39m
    [31m[1m>[22m[39m[90m 6 |[39m     console[33m.[39merror([32m'Error:'[39m[33m,[39m err)[33m;[39m
     [90m   |[39m             [31m[1m^[22m[39m
     [90m 7 |[39m
     [90m 8 |[39m     [90m// Mongoose bad ObjectId[39m
     [90m 9 |[39m     [36mif[39m (err[33m.[39mname [33m===[39m [32m'CastError'[39m) {[0m

      at error (middleware/errorHandler.js:6:13)
      at Layer.handle_error (node_modules/express/lib/router/layer.js:71:5)
      at trim_prefix (node_modules/express/lib/router/index.js:326:13)
      at node_modules/express/lib/router/index.js:286:9
      at Function.process_params (node_modules/express/lib/router/index.js:346:12)
      at next (node_modules/express/lib/router/index.js:280:10)
      at node_modules/express/lib/router/index.js:646:15
      at next (node_modules/express/lib/router/index.js:265:14)
      at next (node_modules/express/lib/router/route.js:141:14)
      at next (controllers/AuthController.js:128:9)

FAIL tests/auth.test.js (31.804 s)
  ΓùÅ Authentication API ΓÇ║ POST /api/auth/register ΓÇ║ 
should register a new customer

    thrown: "Exceeded timeout of 5000 ms for a test.
    Add a timeout value to this test to increase the 
timeout, if this is a long-running test. See 
https://jestjs.io/docs/api#testname-fn-timeout."

    [0m [90m 38 |[39m     [90m// Test 
Registration[39m
     [90m 39 |[39m     describe([32m'POST 
/api/auth/register'[39m[33m,[39m () [33m=>[39m {
    [31m[1m>[22m[39m[90m 40 |[39m         
it([32m'should register a new customer'[39m[33m,[39m 
[36masync[39m () [33m=>[39m {
     [90m    |[39m         [31m[1m^[22m[39m
     [90m 41 |[39m             [36mconst[39m res 
[33m=[39m [36mawait[39m request(app)
     [90m 42 |[39m                 
[33m.[39mpost([32m'/api/auth/register'[39m)
     [90m 43 |[39m                 
[33m.[39msend(customerUser)[33m;[39m[0m

      at it (tests/auth.test.js:40:9)
      at describe (tests/auth.test.js:39:5)
      at Object.describe (tests/auth.test.js:34:1)

  ΓùÅ Authentication API ΓÇ║ POST /api/auth/register ΓÇ║ 
should register a new restaurant

    thrown: "Exceeded timeout of 5000 ms for a test.
    Add a timeout value to this test to increase the 
timeout, if this is a long-running test. See 
https://jestjs.io/docs/api#testname-fn-timeout."

    [0m [90m 51 |[39m         })[33m;[39m
     [90m 52 |[39m
    [31m[1m>[22m[39m[90m 53 |[39m         
it([32m'should register a new 
restaurant'[39m[33m,[39m [36masync[39m () 
[33m=>[39m {
     [90m    |[39m         [31m[1m^[22m[39m
     [90m 54 |[39m             [36mconst[39m res 
[33m=[39m [36mawait[39m request(app)
     [90m 55 |[39m                 
[33m.[39mpost([32m'/api/auth/register'[39m)
     [90m 56 |[39m                 
[33m.[39msend(restaurantUser)[33m;[39m[0m

      at it (tests/auth.test.js:53:9)
      at describe (tests/auth.test.js:39:5)
      at Object.describe (tests/auth.test.js:34:1)

  ΓùÅ Authentication API ΓÇ║ POST /api/auth/register ΓÇ║ 
should not register with existing email

    thrown: "Exceeded timeout of 5000 ms for a test.
    Add a timeout value to this test to increase the 
timeout, if this is a long-running test. See 
https://jestjs.io/docs/api#testname-fn-timeout."

    [0m [90m 63 |[39m         })[33m;[39m
     [90m 64 |[39m
    [31m[1m>[22m[39m[90m 65 |[39m         
it([32m'should not register with existing 
email'[39m[33m,[39m [36masync[39m () [33m=>[39m {
     [90m    |[39m         [31m[1m^[22m[39m
     [90m 66 |[39m             [36mconst[39m res 
[33m=[39m [36mawait[39m request(app)
     [90m 67 |[39m                 
[33m.[39mpost([32m'/api/auth/register'[39m)
     [90m 68 |[39m                 
[33m.[39msend(customerUser)[33m;[39m [90m// Same 
user[39m[0m

      at it (tests/auth.test.js:65:9)
      at describe (tests/auth.test.js:39:5)
      at Object.describe (tests/auth.test.js:34:1)

  ΓùÅ Authentication API ΓÇ║ POST /api/auth/login ΓÇ║ 
should login with valid credentials

    thrown: "Exceeded timeout of 5000 ms for a test.
    Add a timeout value to this test to increase the 
timeout, if this is a long-running test. See 
https://jestjs.io/docs/api#testname-fn-timeout."

    [0m [90m 75 |[39m     [90m// Test Login[39m
     [90m 76 |[39m     describe([32m'POST 
/api/auth/login'[39m[33m,[39m () [33m=>[39m {
    [31m[1m>[22m[39m[90m 77 |[39m         
it([32m'should login with valid 
credentials'[39m[33m,[39m [36masync[39m () 
[33m=>[39m {
     [90m    |[39m         [31m[1m^[22m[39m
     [90m 78 |[39m             [36mconst[39m res 
[33m=[39m [36mawait[39m request(app)
     [90m 79 |[39m                 
[33m.[39mpost([32m'/api/auth/login'[39m)
     [90m 80 |[39m                 [33m.[39msend({[0m

      at it (tests/auth.test.js:77:9)
      at describe (tests/auth.test.js:76:5)
      at Object.describe (tests/auth.test.js:34:1)

  ΓùÅ Authentication API ΓÇ║ POST /api/auth/login ΓÇ║ 
should not login with invalid password

    thrown: "Exceeded timeout of 5000 ms for a test.
    Add a timeout value to this test to increase the 
timeout, if this is a long-running test. See 
https://jestjs.io/docs/api#testname-fn-timeout."

    [0m [90m 88 |[39m         })[33m;[39m
     [90m 89 |[39m
    [31m[1m>[22m[39m[90m 90 |[39m         
it([32m'should not login with invalid 
password'[39m[33m,[39m [36masync[39m () [33m=>[39m 
{
     [90m    |[39m         [31m[1m^[22m[39m
     [90m 91 |[39m             [36mconst[39m res 
[33m=[39m [36mawait[39m request(app)
     [90m 92 |[39m                 
[33m.[39mpost([32m'/api/auth/login'[39m)
     [90m 93 |[39m                 [33m.[39msend({[0m

      at it (tests/auth.test.js:90:9)
      at describe (tests/auth.test.js:76:5)
      at Object.describe (tests/auth.test.js:34:1)

  ΓùÅ Authentication API ΓÇ║ GET /api/auth/me ΓÇ║ should 
get current user profile

    expect(received).toEqual(expected) // deep equality

    Expected: 200
    Received: 401

    [0m [90m 107 |[39m                 [33m.[39m[36m
set[39m([32m'Authorization'[39m[33m,[39m 
[32m`Bearer ${customerToken}`[39m)[33m;[39m
     [90m 108 |[39m
    [31m[1m>[22m[39m[90m 109 |[39m             expec
t(res[33m.[39mstatusCode)[33m.[39mtoEqual([35m200[39
m)[33m;[39m
     [90m     |[39m                                    
[31m[1m^[22m[39m
     [90m 110 |[39m             expect(res[33m.[39mbod
y[33m.[39mdata[33m.[39memail)[33m.[39mtoBe(customerU
ser[33m.[39memail)[33m;[39m
     [90m 111 |[39m         })[33m;[39m
     [90m 112 |[39m[0m

      at Object.toEqual (tests/auth.test.js:109:36)


  ΓùÅ Test suite failed to run

    thrown: "Exceeded timeout of 5000 ms for a hook.
    Add a timeout value to this test to increase the 
timeout, if this is a long-running test. See 
https://jestjs.io/docs/api#testname-fn-timeout."

    [0m [90m 28 |[39m
     [90m 29 |[39m [90m// Clean up after tests[39m
    [31m[1m>[22m[39m[90m 30 |[39m 
afterAll([36masync[39m () [33m=>[39m {
     [90m    |[39m [31m[1m^[22m[39m
     [90m 31 |[39m     [36mawait[39m 
mongoose[33m.[39mconnection[33m.[39mclose()[33m;[39m
     [90m 32 |[39m })[33m;[39m
     [90m 33 |[39m[0m

      at Object.afterAll (tests/auth.test.js:30:1)

--------------------------|---------|----------|---------|---------|------------------------------------------------------------
File                      | % Stmts | % Branch | % Funcs | % Lines | Uncovered Line #s                                          
--------------------------|---------|----------|---------|---------|------------------------------------------------------------
All files                 |   30.63 |     7.48 |    7.79 |   31.07 |                                                            
 backend                  |    66.1 |       40 |       0 |   67.24 |                                                            
  server.js               |    66.1 |       40 |       0 |   67.24 | 39,57,66,85-109,118,128-129,148-149                        
 backend/config           |   41.66 |      100 |   33.33 |   41.66 |                                                            
  database.js             |   41.66 |      100 |   33.33 |   41.66 | 10-23                                                      
 backend/controllers      |   12.69 |     1.88 |    4.08 |   12.85 |                                                            
  AdminController.js      |   11.11 |        0 |       0 |   11.39 | 9-97,105-141,149-171,179-205,213-263,271-291               
  AuthController.js       |   32.81 |       25 |   28.57 |   32.81 | 11,21-40,74,83-111,136-145,153-175,183-205,213-223,231-240 
  DeliveryController.js   |   10.09 |        0 |       0 |   10.18 | 7-15,22-70,78-126,134-174,182-220,228-277,285-316,324-336  
  MenuController.js       |    12.5 |        0 |       0 |    12.5 | 8-40,48-64,72-99,107-140,148-173,181-208                   
  OrderController.js      |    7.43 |        0 |       0 |    7.69 | 7-19,36-141,149-192,200-233,241-310,318-371                
  PaymentController.js    |   10.93 |        0 |       0 |   10.93 | 8-49,57-89,97-136,144-172,180-220                          
  RestaurantController.js |   11.11 |        0 |       0 |   11.11 | 8-75,83-100,108-134,142-182,190-218,226-253                
 backend/middleware       |   44.64 |    45.71 |      50 |   45.45 |                                                            
  auth.js                 |   42.42 |    33.33 |      50 |   42.42 | 27-43,51,58-64,70-88                                       
  errorHandler.js         |   47.82 |    58.82 |      50 |      50 | 10-11,16-18,23-24,29-30,34-35                              
 backend/models           |   53.73 |        0 |       0 |   56.25 |                                                            
  MenuItem.js             |   72.72 |        0 |       0 |   72.72 | 122-125                                                    
  Order.js                |   55.55 |        0 |       0 |   55.55 | 168-173,178-184                                            
  Restaurant.js           |   47.36 |        0 |       0 |   56.25 | 175-184                                                    
  User.js                 |   47.36 |        0 |       0 |   47.36 | 106-121,126,131-132                                        
 backend/routes           |     100 |      100 |     100 |     100 |                                                            
  admin.js                |     100 |      100 |     100 |     100 |                                                            
  auth.js                 |     100 |      100 |     100 |     100 |                                                            
  delivery.js             |     100 |      100 |     100 |     100 |                                                            
  menu.js                 |     100 |      100 |     100 |     100 |                                                            
  orders.js               |     100 |      100 |     100 |     100 |                                                            
  payments.js             |     100 |      100 |     100 |     100 |                                                            
  restaurants.js          |     100 |      100 |     100 |     100 |                                                            
--------------------------|---------|----------|---------|---------|------------------------------------------------------------
Test Suites: 1 failed, 1 total
Tests:       6 failed, 1 passed, 7 total
Snapshots:   0 total
Time:        32.044 s
Ran all test suites.
Jest did not exit one second after the test run has 
completed.

'This usually means that there are asynchronous 
operations that weren't stopped in your tests. Consider 
running Jest with `--detectOpenHandles` to troubleshoot 
this issue.

  ΓùÅ  Cannot log after tests are done. Did you forget to 
wait for something async in your test?
    Attempted to log "Γ£à MongoDB Connected: 
ac-vdfokeu-shard-00-00.6jxsykx.mongodb.net".

    [0m[0m

      at console.log 
(node_modules/@jest/console/build/CustomConsole.js:141:10)
      at connectDB (config/database.js:261:13)


  ΓùÅ  Cannot log after tests are done. Did you forget to 
wait for something async in your test?
    Attempted to log "Γ¥î MongoDB disconnected".

    [0m[0m

      at console.log 
(node_modules/@jest/console/build/CustomConsole.js:141:10)
      at NativeConnection.<anonymous> 
(config/database.js:270:15)
      at NativeConnection.set 
(node_modules/mongoose/lib/connection.js:149:12)
      at NativeConnection.onClose 
(node_modules/mongoose/lib/connection.js:1319:19)
      at NativeConnection._close 
(node_modules/mongoose/lib/connection.js:1268:12)
      at Object.<anonymous> (tests/auth.test.js:30:3)

